../Core/Src/main.cpp:78:6:void HAL_I2SEx_TxRxHalfCpltCallback(I2S_HandleTypeDef*)	16	static
../Core/Src/main.cpp:85:6:void HAL_I2SEx_TxRxCpltCallback(I2S_HandleTypeDef*)	16	static
../Core/Src/main.cpp:92:6:void processData()	16	static
../Core/Src/main.cpp:122:5:int main()	16	static
../Core/Src/main.cpp:174:6:void SystemClock_Config()	88	static
../Core/Src/main.cpp:220:13:void MX_ADC1_Init()	24	static
../Core/Src/main.cpp:272:13:void MX_I2C3_Init()	8	static
../Core/Src/main.cpp:306:13:void MX_I2S2_Init()	8	static
../Core/Src/main.cpp:340:13:void MX_UART5_Init()	8	static
../Core/Src/main.cpp:371:13:void MX_DMA_Init()	16	static
../Core/Src/main.cpp:392:13:void MX_GPIO_Init()	48	static
../Core/Src/main.cpp:433:6:void Error_Handler()	4	static,ignoring_inline_asm
