../Core/Src/main.c:81:5:main	8	static
../Core/Src/main.c:130:6:SystemClock_Config	88	static
../Core/Src/main.c:184:13:MX_ADC1_Init	24	static
../Core/Src/main.c:263:13:MX_I2C3_Init	8	static
../Core/Src/main.c:297:13:MX_I2S1_Init	8	static
../Core/Src/main.c:331:13:MX_TIM2_Init	64	static
../Core/Src/main.c:389:13:MX_UART5_Init	8	static
../Core/Src/main.c:420:13:MX_DMA_Init	16	static
../Core/Src/main.c:441:13:MX_GPIO_Init	48	static
../Core/Src/main.c:482:6:Error_Handler	4	static,ignoring_inline_asm
